C51 COMPILER V9.56.0.0   DELAY                                                             06/04/2017 15:20:10 PAGE 1   


C51 COMPILER V9.56.0.0, COMPILATION OF MODULE DELAY
OBJECT MODULE PLACED IN .\Objects\delay.obj
COMPILER INVOKED BY: D:\Keil5_C51\C51\BIN\C51.EXE code\delay.c OPTIMIZE(8,SPEED) BROWSE INCDIR(.\code) DEBUG OBJECTEXTEN
                    -D PRINT(.\Listings\delay.lst) TABS(2) OBJECT(.\Objects\delay.obj)

line level    source

   1          #include <delay.h>
   2          /*********************************************************************************************************
             -******************************************
   3              ÑÓÊ±º¯Êý*/
   4          void Delay5us()
   5          {
   6   1        u8i a=20;
   7   1        while(a--);
   8   1      }
   9          void delay1ms()   //@11.0592MHz STC15 1T
  10          {
  11   1        u8 i, j;
  12   1        _nop_();
  13   1        _nop_();
  14   1        _nop_();
  15   1        i = 11;
  16   1        j = 190;
  17   1        do
  18   1        {
  19   2          while (--j);
  20   2        }
  21   1        while (--i);
  22   1      }
  23          void delayms(u16 ms)
  24          {
  25   1        while(ms--)
  26   1          delay1ms();
  27   1      }
  28          void delays(u16 s)
  29          {
  30   1        while(s--)
  31   1          delayms(1000);
  32   1      }


MODULE INFORMATION:   STATIC OVERLAYABLE
   CODE SIZE        =     67    ----
   CONSTANT SIZE    =   ----    ----
   XDATA SIZE       =   ----    ----
   PDATA SIZE       =   ----    ----
   DATA SIZE        =   ----    ----
   IDATA SIZE       =   ----       1
   BIT SIZE         =   ----    ----
END OF MODULE INFORMATION.


C51 COMPILATION COMPLETE.  0 WARNING(S),  0 ERROR(S)
