C51 COMPILER V9.56.0.0   DIRECTION                                                         06/04/2017 15:20:10 PAGE 1   


C51 COMPILER V9.56.0.0, COMPILATION OF MODULE DIRECTION
OBJECT MODULE PLACED IN .\Objects\direction.obj
COMPILER INVOKED BY: D:\Keil5_C51\C51\BIN\C51.EXE code\direction.c OPTIMIZE(8,SPEED) BROWSE INCDIR(.\code) DEBUG OBJECTE
                    -XTEND PRINT(.\Listings\direction.lst) TABS(2) OBJECT(.\Objects\direction.obj)

line level    source

   1          #include <direction.h>
   2          bit flag = 0;
   3          void TimerInit()
   4          {
   5   1        AUXR &= 0x3B;   //定时器0/1/2时钟12T模式
   6   1                  //T0x12 T1x12 UART_M0x6 T2R T2_C/T T2x12 EXTRAM S1ST2 
   7   1        TMOD=0x11;       //设T0/T1为方式1
   8   1        TH0=0;
   9   1        TL0=0;
  10   1        TH1=0;
  11   1        TL1=0;
  12   1        T2L = 0x00;   //设置定时初值  10ms
  13   1        T2H = 0xDC;   //设置定时初值
  14   1      }
  15          //方向转角
  16          void dji(u8 angle) //舵机角度 45°至 135°
  17          {
  18   1        u8 i=2;
  19   1        u16 H,L;
  20   1        if(angle>135) angle = 135;
  21   1        if(angle<45 ) angle =  45;
  22   1        H = 65075 - angle*10.23;
  23   1        L = 47566 + angle*10.23;
  24   1        flag = 0;
  25   1        while(i--)
  26   1        {
  27   2          TH1 = H/256;
  28   2          TL1 = H%256;
  29   2          TR1 = 1;
  30   2          d1 = 1;
  31   2          while(~flag);
  32   2          flag = 0;
  33   2          TH1 = L/256;
  34   2          TL1 = L%256;
  35   2          TR1 = 1;
  36   2          d1 = 0;
  37   2          while(~flag);
  38   2          flag = 0;
  39   2        }
  40   1      }
  41          //刹车
  42          void dji2(u8 angle) //舵机角度 45°至 135°
  43          {
  44   1        u8 i=2;
  45   1        u16 H,L;
  46   1        if(angle>135) angle = 135;
  47   1        if(angle<45 ) angle =  45;
  48   1        H = 65075 - angle*10.23;
  49   1        L = 47566 + angle*10.23;
  50   1        flag = 0;
  51   1        while(i--)
  52   1        {
  53   2          TH1 = H/256;
  54   2          TL1 = H%256;
C51 COMPILER V9.56.0.0   DIRECTION                                                         06/04/2017 15:20:10 PAGE 2   

  55   2          TR1 = 1;
  56   2          d2 = 1;
  57   2          while(~flag);
  58   2          flag = 0;
  59   2          TH1 = L/256;
  60   2          TL1 = L%256;
  61   2          TR1 = 1;
  62   2          d2 = 0;
  63   2          while(~flag);
  64   2          flag = 0;
  65   2        }
  66   1      }


MODULE INFORMATION:   STATIC OVERLAYABLE
   CODE SIZE        =    321    ----
   CONSTANT SIZE    =   ----    ----
   XDATA SIZE       =   ----    ----
   PDATA SIZE       =   ----    ----
   DATA SIZE        =   ----       8
   IDATA SIZE       =   ----    ----
   BIT SIZE         =      1    ----
END OF MODULE INFORMATION.


C51 COMPILATION COMPLETE.  0 WARNING(S),  0 ERROR(S)
